// Jest Snapshot v1, https://goo.gl/fbAQLP

exports[`renders correctly 1`] = `
<div
  className="card-deck"
>
  <Card
    imageUrl="image here"
    text="email@test.com"
    title="mr undefined"
  />
</div>
`;
